# serializer version: 1
# name: test_parse_multistatus_xml
  list([
    PropfindItem(href='/calendars/work/', propstats=[Propstat(status_code=200, properties={'is_collection': True, 'is_calendar': True, 'displayname': 'Work Calendar'})]),
    PropfindItem(href='/calendars/work/event1.ics', propstats=[Propstat(status_code=200, properties={'getetag': '"etag-123"'})]),
  ])
# ---
